# CSPC 456 3/4/2025
### Midterm stopping at week 6.
```
//router 1
R1#conf t    
Enter configuration commands, one per line.  End with CNTL/Z.
R1(config)#int f0/0
R1(config-if)#ip add dhcp
R1(config-if)#no shut
R1(config-if)#
*Mar  5 01:57:43.479: %LINK-3-UPDOWN: Interface FastEthernet0/0, changed state to up
*Mar  5 01:57:44.479: %LINEPROTO-5-UPDOWN: Line protocol on Interface FastEthernet0/0, changed state to up
R1(config-if)#
*Mar  5 01:57:53.939: %DHCP-6-ADDRESS_ASSIGN: Interface FastEthernet0/0 assigned DHCP address 192.168.122.236, mask 255.255.255.0, hostname R1

R1(config-if)#int f1/0
R1(config-if)#ip add 192.168.1.1 255.255.255.252
R1(config-if)#no shut
R1(config-if)#
*Mar  5 01:58:53.103: %LINK-3-UPDOWN: Interface FastEthernet1/0, changed state to up
*Mar  5 01:58:54.103: %LINEPROTO-5-UPDOWN: Line protocol on Interface FastEthernet1/0, changed state to up
R1(config-if)#do show ip int br | exclude down 
Interface              IP-Address      OK? Method Status                Protocol
FastEthernet0/0        192.168.122.236 YES DHCP   up                    up      
FastEthernet1/0        192.168.1.1     YES manual up                    up      

R1(config-if)#router ospf 1
R1(config-router)#router-id 1.1.1.1
R1(config-router)#network 192.168.1.0 0.0.0.3 area 0 
R1(config-router)#int f0/0
R1(config-if)#ip nat outside 
R1(config-if)#int f1/0   
R1(config-if)#ip nat inside
R1(config-if)#ip nat inside source list 1 interface f0/0 overload 
R1(config)#access-list 1 permit 192.168.0.0 0.0.255.255
R1(config)#do ping 8.8.8.8
Type escape sequence to abort.
Sending 5, 100-byte ICMP Echos to 8.8.8.8, timeout is 2 seconds:
!!!!!
Success rate is 100 percent (5/5), round-trip min/avg/max = 8/11/20 ms
R1(config)#ping www.google.com
            ^
% Invalid input detected at '^' marker.

R1(config)#do ping www.google.com
Translating "www.google.com"
% Unrecognized host or address, or protocol not running.

R1(config)#ip-domain-lookup
             ^
% Invalid input detected at '^' marker.

R1(config)#ip domain-lookup
R1(config)#ip name-server 192.168.122.1
R1(config)#do ping www.google.com
Translating "www.google.com"...domain server (192.168.122.1) [OK]

Type escape sequence to abort.
Sending 5, 100-byte ICMP Echos to 172.217.12.100, timeout is 2 seconds:
!!!!!
Success rate is 100 percent (5/5), round-trip min/avg/max = 20/24/32 ms
R1(config)#


//Router 2

R2#conf t
Enter configuration commands, one per line.  End with CNTL/Z.
R2(config)#int f0/0
R2(config-if)#ip addr 192.168.1.2 255.255.255.252
R2(config-if)#no shut
R2(config-if)#
*Mar  5 02:37:43.487: %LINK-3-UPDOWN: Interface FastEthernet0/0, changed state to up
*Mar  5 02:37:44.487: %LINEPROTO-5-UPDOWN: Line protocol on Interface FastEthernet0/0, changed state to up
R2(config-if)#int f1/0 
R2(config-if)#ip ad
% Incomplete command.

R2(config-if)#ip address 192.168.2.1 255.255.255.0
R2(config-if)#no shut
R2(config-if)#
*Mar  5 02:38:18.763: %LINK-3-UPDOWN: Interface FastEthernet1/0, changed state to up
*Mar  5 02:38:19.763: %LINEPROTO-5-UPDOWN: Line protocol on Interface FastEthernet1/0, changed state to up
R2(config-if)#ospf 1 
% Incomplete command.

R2(config-if)#conf t
               ^
% Invalid input detected at '^' marker.

R2(config-if)#router ospf 1
R2(config-router)# router-id 2.2.2.2
R2(config-router)#network 192.168.1.0 0.0.0.3 area 0
R2(config-router)#network 192.168.
*Mar  5 02:39:15.527: %OSPF-5-ADJCHG: Process 1, Nbr 1.1.1.1 on FastEthernet0/0 from LOADING to FULL, Loading Done
R2(config-router)#network 192.168.2.0 0.0.0.255 area 0
R2(config-router)#show ip route ospf 
                    ^
% Invalid input detected at '^' marker.

R2(config-router)#exit
R2(config)#exit
R2#
*Mar  5 02:40:17.767: %SYS-5-CONFIG_I: Configured from console by console
R2#show ip route ospf
Codes: L - local, C - connected, S - static, R - RIP, M - mobile, B - BGP
       D - EIGRP, EX - EIGRP external, O - OSPF, IA - OSPF inter area 
       N1 - OSPF NSSA external type 1, N2 - OSPF NSSA external type 2
       E1 - OSPF external type 1, E2 - OSPF external type 2
       i - IS-IS, su - IS-IS summary, L1 - IS-IS level-1, L2 - IS-IS level-2
       ia - IS-IS inter area, * - candidate default, U - per-user static route
       o - ODR, P - periodic downloaded static route, H - NHRP, l - LISP
       + - replicated route, % - next hop override

Gateway of last resort is 192.168.1.1 to network 0.0.0.0

O*E2  0.0.0.0/0 [110/1] via 192.168.1.1, 00:01:05, FastEthernet0/0
R2#conf t 
Enter configuration commands, one per line.  End with CNTL/Z.
R2(config)#ip name-server 192.168.122.1
R2(config)#do ping 8.8.8.8
Type escape sequence to abort.
Sending 5, 100-byte ICMP Echos to 8.8.8.8, timeout is 2 seconds:
!!!!!
Success rate is 100 percent (5/5), round-trip min/avg/max = 20/23/28 ms
R2(config)#exit 
R2#write

```
